16:46:04 **** Build of configuration Debug for project cam_cfg ****
make all 
Building file: ../src/main.c
Invoking: ARM gcc compiler
arm-xilinx-eabi-gcc -Wall -O0 -g3 -c -fmessage-length=0 -I../../zybo_cam_bsp/ps7_cortexa9_0/include -MMD -MP -MF"src/main.d" -MT"src/main.d" -o "src/main.o" "../src/main.c"
Finished building: ../src/main.c
 
Building target: cam_cfg.elf
Invoking: ARM gcc linker
arm-xilinx-eabi-gcc -Wl,-T -Wl,../src/lscript.ld -L../../zybo_cam_bsp/ps7_cortexa9_0/lib -o "cam_cfg.elf"  ./src/main.o   -Wl,--start-group,-lxil,-lgcc,-lc,--end-group
Finished building target: cam_cfg.elf
 
Invoking: ARM Print Size
arm-xilinx-eabi-size cam_cfg.elf  |tee "cam_cfg.elf.size"
   text	   data	    bss	    dec	    hex	filename
  96688	   2320	  30172	 129180	  1f89c	cam_cfg.elf
Finished building: cam_cfg.elf.size
 
16:46:24 **** Build of configuration Debug for project test ****
make all 
Building file: ../src/helloworld.c
Invoking: ARM gcc compiler
arm-xilinx-eabi-gcc -Wall -O0 -g3 -c -fmessage-length=0 -I../../zybo_cam_bsp/ps7_cortexa9_0/include -MMD -MP -MF"src/helloworld.d" -MT"src/helloworld.d" -o "src/helloworld.o" "../src/helloworld.c"
../src/helloworld.c: In function 'main':
../src/helloworld.c:44:5: warning: implicit declaration of function 'xil_printf' [-Wimplicit-function-declaration]
Finished building: ../src/helloworld.c
 
Building file: ../src/platform.c
Invoking: ARM gcc compiler
arm-xilinx-eabi-gcc -Wall -O0 -g3 -c -fmessage-length=0 -I../../zybo_cam_bsp/ps7_cortexa9_0/include -MMD -MP -MF"src/platform.d" -MT"src/platform.d" -o "src/platform.o" "../src/platform.c"
Finished building: ../src/platform.c
 
Building target: test.elf
Invoking: ARM gcc linker
arm-xilinx-eabi-gcc -Wl,-T -Wl,../src/lscript.ld -L../../zybo_cam_bsp/ps7_cortexa9_0/lib -o "test.elf"  ./src/helloworld.o ./src/platform.o   -Wl,--start-group,-lxil,-lgcc,-lc,--end-group
Finished building target: test.elf
 
Invoking: ARM Print Size
arm-xilinx-eabi-size test.elf  |tee "test.elf.size"
   text	   data	    bss	    dec	    hex	filename
  24912	   1096	  29780	  55788	   d9ec	test.elf
Finished building: test.elf.size
 
16:46:25 **** Incremental Build of configuration Debug for project fsbl ****
make all 
make: Nothing to be done for `all'.
16:46:26 **** Incremental Build of configuration Debug for project cam_cfg ****
make all 
make: Nothing to be done for `all'.
16:46:47 **** Clean-only build of configuration Debug for project test ****
make clean 
rm -rf  ./src/helloworld.o ./src/platform.o  ./src/helloworld.d ./src/platform.d  test.elf.size  test.elf
 
16:46:47 **** Incremental Build of configuration Debug for project test ****
make all 
Building file: ../src/helloworld.c
Invoking: ARM gcc compiler
arm-xilinx-eabi-gcc -Wall -O0 -g3 -c -fmessage-length=0 -I../../zybo_cam_bsp/ps7_cortexa9_0/include -MMD -MP -MF"src/helloworld.d" -MT"src/helloworld.d" -o "src/helloworld.o" "../src/helloworld.c"
../src/helloworld.c: In function 'main':
../src/helloworld.c:44:5: warning: implicit declaration of function 'xil_printf' [-Wimplicit-function-declaration]
Finished building: ../src/helloworld.c
 
Building file: ../src/platform.c
Invoking: ARM gcc compiler
arm-xilinx-eabi-gcc -Wall -O0 -g3 -c -fmessage-length=0 -I../../zybo_cam_bsp/ps7_cortexa9_0/include -MMD -MP -MF"src/platform.d" -MT"src/platform.d" -o "src/platform.o" "../src/platform.c"
Finished building: ../src/platform.c
 
Building target: test.elf
Invoking: ARM gcc linker
arm-xilinx-eabi-gcc -Wl,-T -Wl,../src/lscript.ld -L../../zybo_cam_bsp/ps7_cortexa9_0/lib -o "test.elf"  ./src/helloworld.o ./src/platform.o   -Wl,--start-group,-lxil,-lgcc,-lc,--end-group
Finished building target: test.elf
 
Invoking: ARM Print Size
arm-xilinx-eabi-size test.elf  |tee "test.elf.size"
   text	   data	    bss	    dec	    hex	filename
  24912	   1096	  29780	  55788	   d9ec	test.elf
Finished building: test.elf.size
 
16:46:48 **** Incremental Build of configuration Debug for project fsbl ****
make all 
make: Nothing to be done for `all'.
16:46:49 **** Incremental Build of configuration Debug for project cam_cfg ****
make all 
make: Nothing to be done for `all'.
16:47:02 **** Incremental Build of configuration Debug for project test ****
make all 
make: Nothing to be done for `all'.
16:47:03 **** Incremental Build of configuration Debug for project fsbl ****
make all 
make: Nothing to be done for `all'.
16:47:03 **** Incremental Build of configuration Debug for project cam_cfg ****
make all 
make: Nothing to be done for `all'.
16:47:45 **** Incremental Build of configuration Debug for project test ****
make all 
make: Nothing to be done for `all'.
16:47:45 **** Incremental Build of configuration Debug for project fsbl ****
make all 
make: Nothing to be done for `all'.
16:47:46 **** Incremental Build of configuration Debug for project cam_cfg ****
make all 
make: Nothing to be done for `all'.
16:47:59 **** Incremental Build of configuration Debug for project test ****
make all 
make: Nothing to be done for `all'.
16:47:59 **** Incremental Build of configuration Debug for project fsbl ****
make all 
make: Nothing to be done for `all'.
16:48:00 **** Incremental Build of configuration Debug for project cam_cfg ****
make all 
make: Nothing to be done for `all'.
